src/components/admin/UserFormModal.tsx(2,65): error TS6133: 'Calendar' is declared but its value is never read.
src/hooks/useQueue.ts(14,63): error TS2551: Property 'getTickets' does not exist on type '{ creerTicket: (data: { fileAttenteId: number; motif: string; estUrgence: boolean; justificationUrgence?: string | undefined; consultationType: string; }) => Promise<AxiosResponse<ApiResponse<Ticket>, any, {}>>; ... 8 more ...; appellerPatient: (id: number) => Promise<...>; }'. Did you mean 'getTicket'?
src/pages/patient/PatientTicket.tsx(28,37): error TS2551: Property 'getTickets' does not exist on type '{ creerTicket: (data: { fileAttenteId: number; motif: string; estUrgence: boolean; justificationUrgence?: string | undefined; consultationType: string; }) => Promise<AxiosResponse<ApiResponse<Ticket>, any, {}>>; ... 8 more ...; appellerPatient: (id: number) => Promise<...>; }'. Did you mean 'getTicket'?
src/pages/patient/PatientTicket.tsx(29,35): error TS7006: Parameter 't' implicitly has an 'any' type.
