[INFO] Scanning for projects...
[INFO] 
[INFO] ----------------------< com.carepulse:carepulse >-----------------------
[INFO] Building carepulse 0.0.1-SNAPSHOT
[INFO]   from pom.xml
[INFO] --------------------------------[ jar ]---------------------------------
[INFO] 
[INFO] --- resources:3.3.1:resources (default-resources) @ carepulse ---
[INFO] Copying 1 resource from src\main\resources to target\classes
[INFO] Copying 3 resources from src\main\resources to target\classes
[INFO] 
[INFO] --- compiler:3.14.1:compile (default-compile) @ carepulse ---
[INFO] Nothing to compile - all classes are up to date.
[INFO] ------------------------------------------------------------------------
[INFO] BUILD SUCCESS
[INFO] ------------------------------------------------------------------------
[INFO] Total time:  4.846 s
[INFO] Finished at: 2026-04-06T20:48:40+01:00
[INFO] ------------------------------------------------------------------------
